// Jest Snapshot v1, https://goo.gl/fbAQLP

exports[`ApplicationsMenu component shoud set aria-label prop on switcher button 1`] = `
<oc-button-stub type="button" size="medium" arialabel="Application Switcher" variation="passive" appearance="raw" justifycontent="center" gapsize="medium" id="_appSwitcherButton" class="oc-topbar-menu-burger">
  <oc-icon-stub name="apps" accessiblelabel="" type="span" size="medium" variation="passive" class="oc-flex"></oc-icon-stub>
</oc-button-stub>
`;

exports[`ApplicationsMenu component should show app menus 1`] = `
<oc-drop-stub dropid="app-switcher-dropdown" toggle="#_appSwitcherButton" position="bottom-start" mode="click" closeonclick="true" options="[object Object]" class="oc-width-large">
  <ul class="oc-list oc-text-center">
    <li class="oc-width-1-3">
      <router-link-stub to="/files" tag="a" ariacurrentvalue="page" event="click">
        <oc-icon-stub name="folder" accessiblelabel="" type="span" size="xlarge" variation="passive"></oc-icon-stub> <span class="oc-display-block">Files</span>
      </router-link-stub>
    </li>
    <li class="oc-width-1-3"><a target="_blank" href="http://some.org">
        <oc-icon-stub name="some-icon" accessiblelabel="" type="span" size="xlarge" variation="passive"></oc-icon-stub> <span class="oc-display-block">External</span>
      </a></li>
  </ul>
</oc-drop-stub>
`;
