// Jest Snapshot v1, https://goo.gl/fbAQLP

exports[`Top Bar component Displays applications menu 1`] = `
<header aria-label="Top bar" class="oc-topbar oc-flex oc-flex-middle oc-flex-wrap oc-border-b oc-p-s">
  <oc-grid-stub gutter="medium" flex="">
    <div class="oc-hidden@l">
      <oc-button-stub appearance="raw" aria-label="Open navigation menu" class="oc-m-s oc-app-navigation-toggle">
        <oc-icon-stub name="menu"></oc-icon-stub>
      </oc-button-stub>
    </div>
  </oc-grid-stub>
  <div class="portal-wrapper">
    <portal-target-stub name="app.runtime.header" multiple=""></portal-target-stub>
  </div>
  <oc-grid-stub flex="" gutter="small" class="oc-width-expand oc-flex-right oc-m-rm">
    <feedback-link-stub></feedback-link-stub>
    <!---->
    <applications-menu-stub applicationslist="testApp"></applications-menu-stub>
    <user-menu-stub userid="einstein" userdisplayname="Albert Einstein" applicationslist="testApp"></user-menu-stub>
  </oc-grid-stub>
</header>
`;
